// Jest Snapshot v1, https://goo.gl/fbAQLP

exports[`TodoItem TodoItem matches its snapshot - not complete 1`] = `
<li
  className=""
>
  Not complete
</li>
`;
